Resolving dependencies...
Downloading packages...
  bloc 9.2.0 (9.2.1 available)
  dart_jsonwebtoken 3.4.0 (3.4.1 available)
  flutter_svg 2.2.4 (2.3.0 available)
  google_fonts 8.0.2 (8.1.0 available)
  google_sign_in 6.3.0 (7.2.0 available)
  google_sign_in_android 6.2.1 (7.2.10 available)
  google_sign_in_ios 5.9.0 (6.3.0 available)
  google_sign_in_platform_interface 2.5.0 (3.1.0 available)
  google_sign_in_web 0.12.4+4 (1.1.3 available)
  gotrue 2.19.0 (2.20.0 available)
  gtk 2.1.0 (2.2.0 available)
  hooks 1.0.2 (1.0.3 available)
  image_picker 1.2.1 (1.2.2 available)
  image_picker_android 0.8.13+16 (0.8.13+17 available)
  latlong2 0.9.1 (0.10.1 available)
  matcher 0.12.19 (0.12.20 available)
  meta 1.17.0 (1.18.2 available)
  native_toolchain_c 0.17.6 (0.18.0 available)
  package_info_plus 9.0.1 (10.1.0 available)
  package_info_plus_platform_interface 3.2.1 (4.1.0 available)
  postgrest 2.6.0 (2.7.0 available)
  realtime_client 2.7.1 (2.7.3 available)
  sqflite 2.4.2 (2.4.2+1 available)
  sqflite_common 2.5.6 (2.5.7 available)
  storage_client 2.5.1 (2.5.2 available)
  supabase 2.10.4 (2.10.6 available)
  supabase_flutter 2.12.2 (2.12.4 available)
  synchronized 3.4.0 (3.4.0+1 available)
  test_api 0.7.10 (0.7.12 available)
  url_launcher_web 2.4.2 (2.4.3 available)
  vector_graphics 1.1.21 (1.2.1 available)
  vector_graphics_compiler 1.2.0 (1.2.2 available)
  vector_math 2.2.0 (2.3.0 available)
  vm_service 15.1.0 (15.2.0 available)
  win32 5.15.0 (6.2.0 available)
  xml 6.6.1 (7.0.1 available)
Got dependencies!
36 packages have newer versions incompatible with dependency constraints.
Try `flutter pub outdated` for more information.
Compiling lib/main.dart for the Web...                          
Wasm dry run succeeded. Consider building and testing your application with the `--wasm` flag. See docs for more info: https://docs.flutter.dev/platform-integration/web/wasm
Use --no-wasm-dry-run to disable these warnings.
Target dart2js failed: ProcessException: Process exited abnormally with exit code 1:
lib/features/panels/admin_challenge_submissions_screen.dart:117:41:
Error: The method 'toUpperCase' isn't defined for the type 'SubmissionStatus'.
 - 'SubmissionStatus' is from 'package:social_code/models/submission.dart' ('lib/models/submission.dart').
                      submission.status.toUpperCase(),
                                        ^^^^^^^^^^^
Error: Compilation failed.
  Command: /Users/rayaankhan/development/flutter/bin/cache/dart-sdk/bin/dart compile js --platform-binaries=/Users/rayaankhan/development/flutter/bin/cache/flutter_web_sdk/kernel --invoker=flutter_tool -Ddart.vm.product=true -DFLUTTER_VERSION=3.41.4 -DFLUTTER_CHANNEL=stable -DFLUTTER_GIT_URL=https://github.com/flutter/flutter.git -DFLUTTER_FRAMEWORK_REVISION=ff37bef603 -DFLUTTER_ENGINE_REVISION=e4b8dca3f1 -DFLUTTER_DART_VERSION=3.11.1 -DFLUTTER_WEB_USE_SKIA=true -DFLUTTER_WEB_USE_SKWASM=false -DFLUTTER_WEB_CANVASKIT_URL=https://www.gstatic.com/flutter-canvaskit/e4b8dca3f1b4ede4c30371002441c88c12187ed6/ --native-null-assertions --no-source-maps -O4 --minify -o /Users/rayaankhan/Desktop/SocialCode/.dart_tool/flutter_build/be5ce094539cd6e3fa8d92dbabecd807/app.dill --packages=/Users/rayaankhan/Desktop/SocialCode/.dart_tool/package_config.json --cfe-only /Users/rayaankhan/Desktop/SocialCode/.dart_tool/flutter_build/be5ce094539cd6e3fa8d92dbabecd807/main.dart
#0      RunResult.throwException (package:flutter_tools/src/base/process.dart:153:5)
#1      _DefaultProcessUtils.run (package:flutter_tools/src/base/process.dart:379:19)
<asynchronous suspension>
#2      Dart2JSTarget.build (package:flutter_tools/src/build_system/targets/web.dart:208:5)
<asynchronous suspension>
#3      _BuildInstance._invokeInternal (package:flutter_tools/src/build_system/build_system.dart:937:9)
<asynchronous suspension>
#4      Future.wait.<anonymous closure> (dart:async/future.dart:546:21)
<asynchronous suspension>
#5      _BuildInstance.invokeTarget (package:flutter_tools/src/build_system/build_system.dart:875:32)
<asynchronous suspension>
#6      Future.wait.<anonymous closure> (dart:async/future.dart:546:21)
<asynchronous suspension>
#7      _BuildInstance.invokeTarget (package:flutter_tools/src/build_system/build_system.dart:875:32)
<asynchronous suspension>
#8      FlutterBuildSystem.build (package:flutter_tools/src/build_system/build_system.dart:684:16)
<asynchronous suspension>
#9      WebBuilder.buildWeb (package:flutter_tools/src/web/compile.dart:107:34)
<asynchronous suspension>
#10     BuildWebCommand.runCommand (package:flutter_tools/src/commands/build_web.dart:300:5)
<asynchronous suspension>
#11     FlutterCommand.run.<anonymous closure> (package:flutter_tools/src/runner/flutter_command.dart:1590:27)
<asynchronous suspension>
#12     AppContext.run.<anonymous closure> (package:flutter_tools/src/base/context.dart:154:19)
<asynchronous suspension>
#13     CommandRunner.runCommand (package:args/command_runner.dart:212:13)
<asynchronous suspension>
#14     FlutterCommandRunner.runCommand.<anonymous closure> (package:flutter_tools/src/runner/flutter_command_runner.dart:496:9)
<asynchronous suspension>
#15     AppContext.run.<anonymous closure> (package:flutter_tools/src/base/context.dart:154:19)
<asynchronous suspension>
#16     FlutterCommandRunner.runCommand (package:flutter_tools/src/runner/flutter_command_runner.dart:431:5)
<asynchronous suspension>
#17     FlutterCommandRunner.run.<anonymous closure> (package:flutter_tools/src/runner/flutter_command_runner.dart:307:33)
<asynchronous suspension>
#18     run.<anonymous closure>.<anonymous closure> (package:flutter_tools/runner.dart:104:11)
<asynchronous suspension>
#19     AppContext.run.<anonymous closure> (package:flutter_tools/src/base/context.dart:154:19)
<asynchronous suspension>
#20     main (package:flutter_tools/executable.dart:103:3)
<asynchronous suspension>

Compiling lib/main.dart for the Web...                             30.5s
Error: Failed to compile application for the Web.
